{
    "params": {
        "param_from_template": { 
            "type": "number",
            "min": 0.0,
            "max": 10.0,
            "decimals": 3,
            "default": 5.0
        }
    }
}
